{
  "version": "1.5.0",
  "plugins_used": [
    {
      "name": "ArtifactoryDetector"
    },
    {
      "name": "AWSKeyDetector"
    },
    {
      "name": "AzureStorageKeyDetector"
    },
    {
      "name": "Base64HighEntropyString",
      "limit": 4.5
    },
    {
      "name": "BasicAuthDetector"
    },
    {
      "name": "CloudantDetector"
    },
    {
      "name": "DiscordBotTokenDetector"
    },
    {
      "name": "GitHubTokenDetector"
    },
    {
      "name": "GitLabTokenDetector"
    },
    {
      "name": "HexHighEntropyString",
      "limit": 3.0
    },
    {
      "name": "IbmCloudIamDetector"
    },
    {
      "name": "IbmCosHmacDetector"
    },
    {
      "name": "IPPublicDetector"
    },
    {
      "name": "JwtTokenDetector"
    },
    {
      "name": "KeywordDetector",
      "keyword_exclude": ""
    },
    {
      "name": "MailchimpDetector"
    },
    {
      "name": "NpmDetector"
    },
    {
      "name": "OpenAIDetector"
    },
    {
      "name": "PrivateKeyDetector"
    },
    {
      "name": "PypiTokenDetector"
    },
    {
      "name": "SendGridDetector"
    },
    {
      "name": "SlackDetector"
    },
    {
      "name": "SoftlayerDetector"
    },
    {
      "name": "SquareOAuthDetector"
    },
    {
      "name": "StripeDetector"
    },
    {
      "name": "TelegramBotTokenDetector"
    },
    {
      "name": "TwilioKeyDetector"
    }
  ],
  "filters_used": [
    {
      "path": "detect_secrets.filters.allowlist.is_line_allowlisted"
    },
    {
      "path": "detect_secrets.filters.common.is_ignored_due_to_verification_policies",
      "min_level": 2
    },
    {
      "path": "detect_secrets.filters.heuristic.is_indirect_reference"
    },
    {
      "path": "detect_secrets.filters.heuristic.is_likely_id_string"
    },
    {
      "path": "detect_secrets.filters.heuristic.is_lock_file"
    },
    {
      "path": "detect_secrets.filters.heuristic.is_not_alphanumeric_string"
    },
    {
      "path": "detect_secrets.filters.heuristic.is_potential_uuid"
    },
    {
      "path": "detect_secrets.filters.heuristic.is_prefixed_with_dollar_sign"
    },
    {
      "path": "detect_secrets.filters.heuristic.is_sequential_string"
    },
    {
      "path": "detect_secrets.filters.heuristic.is_swagger_file"
    },
    {
      "path": "detect_secrets.filters.heuristic.is_templated_secret"
    },
    {
      "path": "detect_secrets.filters.regex.should_exclude_file",
      "pattern": [
        "^(frontend/node_modules/|venv/|\\.git/|frontend/package-lock\\.json|frontend/dist/|\\.env.*)",
        "\\.pyc$"
      ]
    }
  ],
  "results": {
    "bridge\\base\\api-deployment.yaml": [
      {
        "type": "Basic Auth Credentials",
        "filename": "bridge\\base\\api-deployment.yaml",
        "hashed_secret": "c027a112450fe60347785c86ec437bac92b1633f",
        "is_verified": false,
        "line_number": 53
      }
    ],
    "bridge\\base\\scheduler-deployment.yaml": [
      {
        "type": "Basic Auth Credentials",
        "filename": "bridge\\base\\scheduler-deployment.yaml",
        "hashed_secret": "c027a112450fe60347785c86ec437bac92b1633f",
        "is_verified": false,
        "line_number": 59
      }
    ],
    "bridge\\base\\worker-deployment.yaml": [
      {
        "type": "Basic Auth Credentials",
        "filename": "bridge\\base\\worker-deployment.yaml",
        "hashed_secret": "c027a112450fe60347785c86ec437bac92b1633f",
        "is_verified": false,
        "line_number": 60
      }
    ],
    "deploy\\terraform\\azure\\aks.tf": [
      {
        "type": "Secret Keyword",
        "filename": "deploy\\terraform\\azure\\aks.tf",
        "hashed_secret": "aeae1eef4b37c0d5ff57f91492c9b9ed7e9cfec6",
        "is_verified": false,
        "line_number": 65
      }
    ],
    "deploy\\terraform\\environments\\dev\\pysoar.tfvars.example": [
      {
        "type": "Secret Keyword",
        "filename": "deploy\\terraform\\environments\\dev\\pysoar.tfvars.example",
        "hashed_secret": "e4655e6f3012240ad7a508ef1a444a8fea85b6f2",
        "is_verified": false,
        "line_number": 12
      },
      {
        "type": "Secret Keyword",
        "filename": "deploy\\terraform\\environments\\dev\\pysoar.tfvars.example",
        "hashed_secret": "ad309bacc74f761c11f029746056d202614e38c1",
        "is_verified": false,
        "line_number": 15
      },
      {
        "type": "Secret Keyword",
        "filename": "deploy\\terraform\\environments\\dev\\pysoar.tfvars.example",
        "hashed_secret": "a9254655f71131c26ecefb650b9825f688dbfacf",
        "is_verified": false,
        "line_number": 16
      },
      {
        "type": "Secret Keyword",
        "filename": "deploy\\terraform\\environments\\dev\\pysoar.tfvars.example",
        "hashed_secret": "9477ad88dda692eb552ae32635cf333170a12041",
        "is_verified": false,
        "line_number": 17
      }
    ],
    "docs\\superpowers\\plans\\2026-05-29-llm-parsing-pr2-capability-gate.md": [
      {
        "type": "Secret Keyword",
        "filename": "docs\\superpowers\\plans\\2026-05-29-llm-parsing-pr2-capability-gate.md",
        "hashed_secret": "5252d6739a7c13553b17a51e5287800000b41052",
        "is_verified": false,
        "line_number": 1033
      },
      {
        "type": "Secret Keyword",
        "filename": "docs\\superpowers\\plans\\2026-05-29-llm-parsing-pr2-capability-gate.md",
        "hashed_secret": "ab24d21b908b6b8061fb6a3b97605579085fd6c5",
        "is_verified": false,
        "line_number": 1100
      },
      {
        "type": "Secret Keyword",
        "filename": "docs\\superpowers\\plans\\2026-05-29-llm-parsing-pr2-capability-gate.md",
        "hashed_secret": "baa9cf6304bd8840bf076abf39e75fcd788f3e2f",
        "is_verified": false,
        "line_number": 1168
      },
      {
        "type": "Secret Keyword",
        "filename": "docs\\superpowers\\plans\\2026-05-29-llm-parsing-pr2-capability-gate.md",
        "hashed_secret": "a613756e030149431b0337e8b3a6c62440eb5ddc",
        "is_verified": false,
        "line_number": 2085
      },
      {
        "type": "Secret Keyword",
        "filename": "docs\\superpowers\\plans\\2026-05-29-llm-parsing-pr2-capability-gate.md",
        "hashed_secret": "3b65cb25cb887bf6dd645f72ed31f43ce86f85ab",
        "is_verified": false,
        "line_number": 2330
      },
      {
        "type": "Secret Keyword",
        "filename": "docs\\superpowers\\plans\\2026-05-29-llm-parsing-pr2-capability-gate.md",
        "hashed_secret": "ab64065715877dae3e0fc2a6471dd666686cc141",
        "is_verified": false,
        "line_number": 2337
      }
    ],
    "docs\\superpowers\\specs\\2026-05-25-hardened-llm-parsing-design.md": [
      {
        "type": "Secret Keyword",
        "filename": "docs\\superpowers\\specs\\2026-05-25-hardened-llm-parsing-design.md",
        "hashed_secret": "a613756e030149431b0337e8b3a6c62440eb5ddc",
        "is_verified": false,
        "line_number": 229
      }
    ],
    "frontend\\src\\pages\\Settings.tsx": [
      {
        "type": "Secret Keyword",
        "filename": "frontend\\src\\pages\\Settings.tsx",
        "hashed_secret": "33e42174a1406501b2e6a6c6395fc4f53b2fb734",
        "is_verified": false,
        "line_number": 1273
      }
    ],
    "src\\agentic\\action_classifier.py": [
      {
        "type": "Secret Keyword",
        "filename": "src\\agentic\\action_classifier.py",
        "hashed_secret": "a613756e030149431b0337e8b3a6c62440eb5ddc",
        "is_verified": false,
        "line_number": 33
      }
    ],
    "src\\api\\v1\\endpoints\\remediation.py": [
      {
        "type": "Secret Keyword",
        "filename": "src\\api\\v1\\endpoints\\remediation.py",
        "hashed_secret": "fb4012e44eefabb1f47e97eaf0804f97acbc829d",
        "is_verified": false,
        "line_number": 1608
      }
    ],
    "src\\api\\v1\\endpoints\\settings.py": [
      {
        "type": "Secret Keyword",
        "filename": "src\\api\\v1\\endpoints\\settings.py",
        "hashed_secret": "1544cdc8fee8460cc268b2c57054f4ec8a83e210",
        "is_verified": false,
        "line_number": 506
      }
    ],
    "src\\api_security\\models.py": [
      {
        "type": "Secret Keyword",
        "filename": "src\\api_security\\models.py",
        "hashed_secret": "665b1e3851eefefa3fb878654292f16597d25155",
        "is_verified": false,
        "line_number": 28
      }
    ],
    "src\\core\\secrets.py": [
      {
        "type": "Secret Keyword",
        "filename": "src\\core\\secrets.py",
        "hashed_secret": "cc8625519ca2129f824d74d18d919e42fbaa87e3",
        "is_verified": false,
        "line_number": 628
      }
    ],
    "src\\darkweb\\engine.py": [
      {
        "type": "Base64 High Entropy String",
        "filename": "src\\darkweb\\engine.py",
        "hashed_secret": "f2a832e76ac8ff76a637bdf363c0178b2caaf91c",
        "is_verified": false,
        "line_number": 805
      }
    ],
    "src\\darkweb\\models.py": [
      {
        "type": "Secret Keyword",
        "filename": "src\\darkweb\\models.py",
        "hashed_secret": "80f7837406d89afc0e08b331b6937994a8da8a19",
        "is_verified": false,
        "line_number": 45
      },
      {
        "type": "Secret Keyword",
        "filename": "src\\darkweb\\models.py",
        "hashed_secret": "a613756e030149431b0337e8b3a6c62440eb5ddc",
        "is_verified": false,
        "line_number": 99
      }
    ],
    "src\\darkweb\\tasks.py": [
      {
        "type": "Secret Keyword",
        "filename": "src\\darkweb\\tasks.py",
        "hashed_secret": "50d8b4a941c26b89482c94ab324b5a274f9ced66",
        "is_verified": false,
        "line_number": 193
      }
    ],
    "src\\deception\\engine.py": [
      {
        "type": "Private Key",
        "filename": "src\\deception\\engine.py",
        "hashed_secret": "be4fc4886bd949b369d5e092eb87494f12e57e5b",
        "is_verified": false,
        "line_number": 317
      },
      {
        "type": "Base64 High Entropy String",
        "filename": "src\\deception\\engine.py",
        "hashed_secret": "ac8e83b218053e46d897cf2b8197a78d500557ae",
        "is_verified": false,
        "line_number": 406
      }
    ],
    "src\\dlp\\models.py": [
      {
        "type": "Secret Keyword",
        "filename": "src\\dlp\\models.py",
        "hashed_secret": "f019571b10be8cf5c4cf3a8f31ccbeed5fb13701",
        "is_verified": false,
        "line_number": 86
      }
    ],
    "src\\integrations\\models.py": [
      {
        "type": "Secret Keyword",
        "filename": "src\\integrations\\models.py",
        "hashed_secret": "665b1e3851eefefa3fb878654292f16597d25155",
        "is_verified": false,
        "line_number": 43
      }
    ],
    "src\\itdr\\models.py": [
      {
        "type": "Secret Keyword",
        "filename": "src\\itdr\\models.py",
        "hashed_secret": "f7f5c0855b04bd97addd383354f3fd4610bbf227",
        "is_verified": false,
        "line_number": 46
      },
      {
        "type": "Secret Keyword",
        "filename": "src\\itdr\\models.py",
        "hashed_secret": "5baa61e4c9b93f3f0682250b6cf8331b7ee68fd8",
        "is_verified": false,
        "line_number": 76
      },
      {
        "type": "Secret Keyword",
        "filename": "src\\itdr\\models.py",
        "hashed_secret": "665b1e3851eefefa3fb878654292f16597d25155",
        "is_verified": false,
        "line_number": 77
      }
    ],
    "src\\models\\audit.py": [
      {
        "type": "Secret Keyword",
        "filename": "src\\models\\audit.py",
        "hashed_secret": "94732424e16be827cd46aa294394ab3ce93b55f4",
        "is_verified": false,
        "line_number": 22
      }
    ],
    "src\\schemas\\container_security.py": [
      {
        "type": "Secret Keyword",
        "filename": "src\\schemas\\container_security.py",
        "hashed_secret": "2e178cb5a69661d3242725daab5a5a88991cbdd1",
        "is_verified": false,
        "line_number": 93
      }
    ],
    "tests\\integration\\test_action_handlers_are_real.py": [
      {
        "type": "Secret Keyword",
        "filename": "tests\\integration\\test_action_handlers_are_real.py",
        "hashed_secret": "3b65cb25cb887bf6dd645f72ed31f43ce86f85ab",
        "is_verified": false,
        "line_number": 179
      },
      {
        "type": "Secret Keyword",
        "filename": "tests\\integration\\test_action_handlers_are_real.py",
        "hashed_secret": "ab64065715877dae3e0fc2a6471dd666686cc141",
        "is_verified": false,
        "line_number": 186
      }
    ],
    "tests\\integration\\test_password_reset_endpoints.py": [
      {
        "type": "Secret Keyword",
        "filename": "tests\\integration\\test_password_reset_endpoints.py",
        "hashed_secret": "5252d6739a7c13553b17a51e5287800000b41052",
        "is_verified": false,
        "line_number": 119
      },
      {
        "type": "Secret Keyword",
        "filename": "tests\\integration\\test_password_reset_endpoints.py",
        "hashed_secret": "ab24d21b908b6b8061fb6a3b97605579085fd6c5",
        "is_verified": false,
        "line_number": 186
      },
      {
        "type": "Secret Keyword",
        "filename": "tests\\integration\\test_password_reset_endpoints.py",
        "hashed_secret": "baa9cf6304bd8840bf076abf39e75fcd788f3e2f",
        "is_verified": false,
        "line_number": 245
      }
    ],
    "tests\\test_api_auth.py": [
      {
        "type": "Secret Keyword",
        "filename": "tests\\test_api_auth.py",
        "hashed_secret": "44cdfc3615970ada14420caaaa5c5745fca06002",
        "is_verified": false,
        "line_number": 27
      },
      {
        "type": "Secret Keyword",
        "filename": "tests\\test_api_auth.py",
        "hashed_secret": "d8ecf7db8fc9ec9c31bc5c9ae2929cc599c75f8d",
        "is_verified": false,
        "line_number": 43
      },
      {
        "type": "Secret Keyword",
        "filename": "tests\\test_api_auth.py",
        "hashed_secret": "cbfdac6008f9cab4083784cbd1874f76618d2a97",
        "is_verified": false,
        "line_number": 57
      },
      {
        "type": "Secret Keyword",
        "filename": "tests\\test_api_auth.py",
        "hashed_secret": "dff6d4ff5dc357cf451d1855ab9cbda562645c9f",
        "is_verified": false,
        "line_number": 85
      }
    ],
    "tests\\test_dfir.py": [
      {
        "type": "Hex High Entropy String",
        "filename": "tests\\test_dfir.py",
        "hashed_secret": "90bd1b48e958257948487b90bee080ba5ed00caa",
        "is_verified": false,
        "line_number": 166
      },
      {
        "type": "Hex High Entropy String",
        "filename": "tests\\test_dfir.py",
        "hashed_secret": "67a74306b06d0c01624fe0d0249a570f4d093747",
        "is_verified": false,
        "line_number": 567
      },
      {
        "type": "Hex High Entropy String",
        "filename": "tests\\test_dfir.py",
        "hashed_secret": "244f421f896bdcdd2784dccf4eaf7c8dfd5189b5",
        "is_verified": false,
        "line_number": 568
      }
    ],
    "tests\\test_dlp.py": [
      {
        "type": "Base64 High Entropy String",
        "filename": "tests\\test_dlp.py",
        "hashed_secret": "2557253845c0a1dcb44999d93d1845578bd8a8ca",
        "is_verified": false,
        "line_number": 133
      },
      {
        "type": "Secret Keyword",
        "filename": "tests\\test_dlp.py",
        "hashed_secret": "2557253845c0a1dcb44999d93d1845578bd8a8ca",
        "is_verified": false,
        "line_number": 133
      },
      {
        "type": "AWS Access Key",
        "filename": "tests\\test_dlp.py",
        "hashed_secret": "25910f981e85ca04baf359199dd0bd4a3ae738b6",
        "is_verified": false,
        "line_number": 139
      }
    ],
    "tests\\test_integrations.py": [
      {
        "type": "Secret Keyword",
        "filename": "tests\\test_integrations.py",
        "hashed_secret": "38abc48c1eb5838519ab0372fbf38f1eb0f3f73c",
        "is_verified": false,
        "line_number": 256
      }
    ],
    "tests\\unit\\test_agent_runtime.py": [
      {
        "type": "Base64 High Entropy String",
        "filename": "tests\\unit\\test_agent_runtime.py",
        "hashed_secret": "9f08064bf7140dd215badead0214265fa6a1639f",
        "is_verified": false,
        "line_number": 658
      },
      {
        "type": "Secret Keyword",
        "filename": "tests\\unit\\test_agent_runtime.py",
        "hashed_secret": "9f08064bf7140dd215badead0214265fa6a1639f",
        "is_verified": false,
        "line_number": 658
      }
    ],
    "tests\\unit\\test_auth.py": [
      {
        "type": "Secret Keyword",
        "filename": "tests\\unit\\test_auth.py",
        "hashed_secret": "44cdfc3615970ada14420caaaa5c5745fca06002",
        "is_verified": false,
        "line_number": 20
      },
      {
        "type": "Secret Keyword",
        "filename": "tests\\unit\\test_auth.py",
        "hashed_secret": "c18006fc138809314751cd1991f1e0b820fabd37",
        "is_verified": false,
        "line_number": 105
      },
      {
        "type": "Secret Keyword",
        "filename": "tests\\unit\\test_auth.py",
        "hashed_secret": "d8ecf7db8fc9ec9c31bc5c9ae2929cc599c75f8d",
        "is_verified": false,
        "line_number": 121
      },
      {
        "type": "Secret Keyword",
        "filename": "tests\\unit\\test_auth.py",
        "hashed_secret": "f8377c90fcfd699f0ddbdcb30c2c9183d2d933ea",
        "is_verified": false,
        "line_number": 133
      }
    ],
    "tests\\unit\\test_llm_anthropic_provider.py": [
      {
        "type": "Secret Keyword",
        "filename": "tests\\unit\\test_llm_anthropic_provider.py",
        "hashed_secret": "fd9a45bc0b07706d849cf85021ecf9123fa83d82",
        "is_verified": false,
        "line_number": 70
      }
    ],
    "tests\\unit\\test_llm_factory.py": [
      {
        "type": "Secret Keyword",
        "filename": "tests\\unit\\test_llm_factory.py",
        "hashed_secret": "bb930a4548faaee9d99723b6f2e56fc219ec2bf2",
        "is_verified": false,
        "line_number": 34
      },
      {
        "type": "Secret Keyword",
        "filename": "tests\\unit\\test_llm_factory.py",
        "hashed_secret": "e5f65c6dcbc35144e521c1b56af02c7cbb02d300",
        "is_verified": false,
        "line_number": 82
      },
      {
        "type": "Secret Keyword",
        "filename": "tests\\unit\\test_llm_factory.py",
        "hashed_secret": "9f31c02f37ab39c4eb957107b498cc8f510134a2",
        "is_verified": false,
        "line_number": 108
      },
      {
        "type": "Secret Keyword",
        "filename": "tests\\unit\\test_llm_factory.py",
        "hashed_secret": "6a44fb6a106533906da44145b900e06dde172eb9",
        "is_verified": false,
        "line_number": 118
      },
      {
        "type": "Secret Keyword",
        "filename": "tests\\unit\\test_llm_factory.py",
        "hashed_secret": "c682b2e69b448e77e6dec0f645d08b8a933328cf",
        "is_verified": false,
        "line_number": 127
      },
      {
        "type": "Secret Keyword",
        "filename": "tests\\unit\\test_llm_factory.py",
        "hashed_secret": "1625b72c6dbf1d8f996034313410105e41432b14",
        "is_verified": false,
        "line_number": 190
      }
    ],
    "tests\\unit\\test_llm_gemini_provider.py": [
      {
        "type": "Secret Keyword",
        "filename": "tests\\unit\\test_llm_gemini_provider.py",
        "hashed_secret": "3e9709f7cd9c3b79a03b89d3528debe214da4b26",
        "is_verified": false,
        "line_number": 69
      }
    ],
    "tests\\unit\\test_llm_openai_provider.py": [
      {
        "type": "Secret Keyword",
        "filename": "tests\\unit\\test_llm_openai_provider.py",
        "hashed_secret": "69dba6dfc0be932d10cdbfaae770c300cd7e0e3c",
        "is_verified": false,
        "line_number": 78
      }
    ],
    "tests\\unit\\test_llm_secrets_envelope.py": [
      {
        "type": "Secret Keyword",
        "filename": "tests\\unit\\test_llm_secrets_envelope.py",
        "hashed_secret": "e3eb0ed82db3568f21d0fbeca7cda527382aff83",
        "is_verified": false,
        "line_number": 30
      },
      {
        "type": "Secret Keyword",
        "filename": "tests\\unit\\test_llm_secrets_envelope.py",
        "hashed_secret": "a2ab1959c1c3bfa295b0fc90199378272db76b45",
        "is_verified": false,
        "line_number": 68
      }
    ],
    "tests\\unit\\test_migration_020.py": [
      {
        "type": "Secret Keyword",
        "filename": "tests\\unit\\test_migration_020.py",
        "hashed_secret": "4ca08ec83d8a9fc245c7a207ab1c19ed0ece148b",
        "is_verified": false,
        "line_number": 372
      },
      {
        "type": "Secret Keyword",
        "filename": "tests\\unit\\test_migration_020.py",
        "hashed_secret": "085d4b7fb122e302de16e1ab6e25567129e5707b",
        "is_verified": false,
        "line_number": 399
      },
      {
        "type": "Secret Keyword",
        "filename": "tests\\unit\\test_migration_020.py",
        "hashed_secret": "f3bbbd66a63d4bf1747940578ec3d0103530e21d",
        "is_verified": false,
        "line_number": 407
      },
      {
        "type": "Secret Keyword",
        "filename": "tests\\unit\\test_migration_020.py",
        "hashed_secret": "67f994533a5d976eed69aeae05e381bf6fa851e8",
        "is_verified": false,
        "line_number": 410
      }
    ],
    "tests\\unit\\test_redact.py": [
      {
        "type": "Secret Keyword",
        "filename": "tests\\unit\\test_redact.py",
        "hashed_secret": "6367c48dd193d56ea7b0baad25b19455e529f5ee",
        "is_verified": false,
        "line_number": 32
      },
      {
        "type": "Base64 High Entropy String",
        "filename": "tests\\unit\\test_redact.py",
        "hashed_secret": "22fe378853535f0b8c1b2fce08ff9ba06c2d6a79",
        "is_verified": false,
        "line_number": 58
      },
      {
        "type": "Base64 High Entropy String",
        "filename": "tests\\unit\\test_redact.py",
        "hashed_secret": "fa2e70183ed1efd7288e95f85bfb081f95a92254",
        "is_verified": false,
        "line_number": 59
      },
      {
        "type": "Base64 High Entropy String",
        "filename": "tests\\unit\\test_redact.py",
        "hashed_secret": "7068fa1a534cce698aeeae28933e45c2157c8eaa",
        "is_verified": false,
        "line_number": 60
      },
      {
        "type": "AWS Access Key",
        "filename": "tests\\unit\\test_redact.py",
        "hashed_secret": "25910f981e85ca04baf359199dd0bd4a3ae738b6",
        "is_verified": false,
        "line_number": 61
      },
      {
        "type": "JSON Web Token",
        "filename": "tests\\unit\\test_redact.py",
        "hashed_secret": "5c12e8648a4eae0028219e205dee52d2f62d77e3",
        "is_verified": false,
        "line_number": 62
      },
      {
        "type": "Private Key",
        "filename": "tests\\unit\\test_redact.py",
        "hashed_secret": "be4fc4886bd949b369d5e092eb87494f12e57e5b",
        "is_verified": false,
        "line_number": 76
      },
      {
        "type": "Base64 High Entropy String",
        "filename": "tests\\unit\\test_redact.py",
        "hashed_secret": "5fda9dd098073c9f3d50fc2b6ba18e1f0d4d6e3c",
        "is_verified": false,
        "line_number": 106
      }
    ],
    "tests\\unit\\test_settings_section_encryption.py": [
      {
        "type": "Secret Keyword",
        "filename": "tests\\unit\\test_settings_section_encryption.py",
        "hashed_secret": "cc8625519ca2129f824d74d18d919e42fbaa87e3",
        "is_verified": false,
        "line_number": 244
      }
    ],
    "tests\\unit\\test_siem_forwarder_webhook.py": [
      {
        "type": "Secret Keyword",
        "filename": "tests\\unit\\test_siem_forwarder_webhook.py",
        "hashed_secret": "dff6d4ff5dc357cf451d1855ab9cbda562645c9f",
        "is_verified": false,
        "line_number": 63
      }
    ],
    "tests\\unit\\test_syslog_detection_rules.py": [
      {
        "type": "Secret Keyword",
        "filename": "tests\\unit\\test_syslog_detection_rules.py",
        "hashed_secret": "6459d420beedcc0544acbab89d3bbbc7e4118ee4",
        "is_verified": false,
        "line_number": 20
      }
    ],
    "tests\\unit\\test_users.py": [
      {
        "type": "Secret Keyword",
        "filename": "tests\\unit\\test_users.py",
        "hashed_secret": "a240a1757ef2e0abf3f252dccec6895fc90d6385",
        "is_verified": false,
        "line_number": 42
      },
      {
        "type": "Secret Keyword",
        "filename": "tests\\unit\\test_users.py",
        "hashed_secret": "cbfdac6008f9cab4083784cbd1874f76618d2a97",
        "is_verified": false,
        "line_number": 61
      }
    ]
  },
  "generated_at": "2026-10-06T20:31:35Z"
}
